// Vitest Snapshot v1, https://vitest.dev/guide/snapshot.html

exports[`Snapshot: kind + drift stability across the full sample > matches the locked snapshot 1`] = `
[
  {
    "annual": 9.71,
    "drift": 2.5343,
    "fund_id": "mm-britam",
    "fund_type": "money_market",
    "kind": "matched",
    "manager": "Britam",
    "prevAnnual": 9.47,
    "yield_unit": "%",
  },
  {
    "annual": 8.06,
    "drift": null,
    "fund_id": null,
    "fund_type": "money_market",
    "kind": "new",
    "manager": "ICEA",
    "prevAnnual": null,
    "yield_unit": "%",
  },
  {
    "annual": 12.13,
    "drift": 8.0142,
    "fund_id": "mm-cytonn",
    "fund_type": "money_market",
    "kind": "matched",
    "manager": "Cytonn",
    "prevAnnual": 11.23,
    "yield_unit": "%",
  },
  {
    "annual": 5.72,
    "drift": 4,
    "fund_id": "mm-cytonn-usd",
    "fund_type": "money_market",
    "kind": "matched",
    "manager": "Cytonn",
    "prevAnnual": 5.5,
    "yield_unit": "USD",
  },
  {
    "annual": 6.28,
    "drift": 10.0287,
    "fund_id": "mm-aa",
    "fund_type": "money_market",
    "kind": "matched",
    "manager": "African Alliance",
    "prevAnnual": 6.98,
    "yield_unit": "%",
  },
  {
    "annual": 6.79,
    "drift": null,
    "fund_id": null,
    "fund_type": "money_market",
    "kind": "new",
    "manager": "African Alliance Special",
    "prevAnnual": null,
    "yield_unit": "%",
  },
  {
    "annual": 8.43,
    "drift": 0,
    "fund_id": "mm-cic",
    "fund_type": "money_market",
    "kind": "matched",
    "manager": "CIC",
    "prevAnnual": 8.43,
    "yield_unit": "%",
  },
  {
    "annual": 7,
    "drift": null,
    "fund_id": null,
    "fund_type": "money_market",
    "kind": "new",
    "manager": "CIC Wealth",
    "prevAnnual": null,
    "yield_unit": "%",
  },
  {
    "annual": 10.66,
    "drift": 0.3766,
    "fund_id": "mm-lofty",
    "fund_type": "money_market",
    "kind": "matched",
    "manager": "Lofty_Corban",
    "prevAnnual": 10.62,
    "yield_unit": "%",
  },
  {
    "annual": 10.14,
    "drift": 1.0967,
    "fund_id": "mm-madison",
    "fund_type": "money_market",
    "kind": "matched",
    "manager": "Madison",
    "prevAnnual": 10.03,
    "yield_unit": "%",
  },
  {
    "annual": 10.15,
    "drift": 0.5946,
    "fund_id": "mm-old-mutual",
    "fund_type": "money_market",
    "kind": "matched",
    "manager": "Old Mutual",
    "prevAnnual": 10.09,
    "yield_unit": "%",
  },
  {
    "annual": 11.93,
    "drift": 3.0225,
    "fund_id": "mm-nabo",
    "fund_type": "money_market",
    "kind": "matched",
    "manager": "Nabo",
    "prevAnnual": 11.58,
    "yield_unit": "%",
  },
  {
    "annual": 12.16,
    "drift": 2.0134,
    "fund_id": "mm-etica",
    "fund_type": "money_market",
    "kind": "matched",
    "manager": "Etica",
    "prevAnnual": 11.92,
    "yield_unit": "%",
  },
  {
    "annual": 157.84,
    "drift": null,
    "fund_id": null,
    "fund_type": "equity",
    "kind": "new",
    "manager": "ICEA",
    "prevAnnual": null,
    "yield_unit": "KES",
  },
  {
    "annual": 152.48,
    "drift": 2.8186,
    "fund_id": "eq-britam",
    "fund_type": "equity",
    "kind": "matched",
    "manager": "Britam",
    "prevAnnual": 148.3,
    "yield_unit": "KES",
  },
  {
    "annual": 7.08,
    "drift": null,
    "fund_id": null,
    "fund_type": "special",
    "kind": "new",
    "manager": "Etica Shariah",
    "prevAnnual": null,
    "yield_unit": "%",
  },
  {
    "annual": 11.64,
    "drift": null,
    "fund_id": null,
    "fund_type": "special",
    "kind": "new",
    "manager": "Madison Wealth",
    "prevAnnual": null,
    "yield_unit": "%",
  },
  {
    "annual": 10.11,
    "drift": 6.4211,
    "fund_id": "bond-britam",
    "fund_type": "bond",
    "kind": "matched",
    "manager": "Britam",
    "prevAnnual": 9.5,
    "yield_unit": "%",
  },
]
`;
